BL51 BANKED LINKER/LOCATER V6.22                                                        05/15/2025  10:18:48  PAGE 1


BL51 BANKED LINKER/LOCATER V6.22, INVOKED BY:
C:\KEIL_V5\C51\BIN\BL51.EXE main.obj, timer.obj, uart.obj, adc.obj TO test PRINT (.\Listings\test.m51) RAMSIZE (256)


MEMORY MODEL: LARGE


INPUT MODULES INCLUDED:
  main.obj (MAIN)
  timer.obj (TIMER)
  uart.obj (UART)
  adc.obj (ADC)
  C:\KEIL_V5\C51\LIB\C51L.LIB (?C_STARTUP)
  C:\KEIL_V5\C51\LIB\C51L.LIB (?C_INIT)


LINK MAP OF MODULE:  test (MAIN)


            TYPE    BASE      LENGTH    RELOCATION   SEGMENT NAME
            -----------------------------------------------------

            * * * * * * *   D A T A   M E M O R Y   * * * * * * *
            REG     0000H     0008H     ABSOLUTE     "REG BANK 0"
            DATA    0008H     0002H     UNIT         _DATA_GROUP_
            IDATA   000AH     0001H     UNIT         ?STACK

            * * * * * * *  X D A T A   M E M O R Y  * * * * * * *
            XDATA   0000H     003EH     UNIT         ?XD?MAIN
            XDATA   003EH     0005H     UNIT         ?XD?ADC
            XDATA   0043H     0004H     UNIT         ?XD?TIMER
            XDATA   0047H     0001H     UNIT         _XDATA_GROUP_

            * * * * * * *   C O D E   M E M O R Y   * * * * * * *
            CODE    0000H     0003H     ABSOLUTE     
                    0003H     0008H                  *** GAP ***
            CODE    000BH     0003H     ABSOLUTE     
            CODE    000EH     000DH     UNIT         ?PR?DELAY20MS?MAIN
                    001BH     0008H                  *** GAP ***
            CODE    0023H     0003H     ABSOLUTE     
                    0026H     0005H                  *** GAP ***
            CODE    002BH     0003H     ABSOLUTE     
            CODE    002EH     0109H     UNIT         ?PR?MAIN?MAIN
            CODE    0137H     00A1H     UNIT         ?PR?ADC_HANDLE?ADC
            CODE    01D8H     008CH     UNIT         ?C_C51STARTUP
            CODE    0264H     004DH     UNIT         ?PR?UART_HANDLER?UART
            CODE    02B1H     0033H     UNIT         ?PR?TIMER0_INTER_HANDLER?TIMER
            CODE    02E4H     0028H     UNIT         ?C_INITSEG
            CODE    030CH     001EH     UNIT         ?PR?UART_INIT?MAIN
            CODE    032AH     001DH     UNIT         ?PR?ADC_INIT?ADC
            CODE    0347H     0019H     UNIT         ?PR?TIMER0_INIT?TIMER



OVERLAY MAP OF MODULE:   test (MAIN)


SEGMENT                                  DATA_GROUP          XDATA_GROUP
BL51 BANKED LINKER/LOCATER V6.22                                                      05/15/2025  10:18:48  PAGE 2


  +--> CALLED SEGMENT                  START    LENGTH     START    LENGTH
--------------------------------------------------------------------------
?PR?UART_HANDLER?UART                  -----    -----      0047H    0001H

*** NEW ROOT ***************************************************

?C_C51STARTUP                          -----    -----      -----    -----
  +--> ?PR?MAIN?MAIN
  +--> ?C_INITSEG

?PR?MAIN?MAIN                          -----    -----      -----    -----
  +--> ?PR?TIMER0_INIT?TIMER
  +--> ?PR?UART_INIT?MAIN
  +--> ?PR?ADC_INIT?ADC
  +--> ?PR?DELAY20MS?MAIN

?PR?DELAY20MS?MAIN                     0008H    0002H      -----    -----



SYMBOL TABLE OF MODULE:  test (MAIN)

  VALUE           TYPE          NAME
  ----------------------------------

  -------         MODULE        MAIN
  C:0000H         SYMBOL        _ICE_DUMMY_
  D:0093H         PUBLIC        P0M1
  D:0092H         PUBLIC        P1M0
  D:0096H         PUBLIC        P2M0
  D:0091H         PUBLIC        P1M1
  D:0080H         PUBLIC        P0
  D:0095H         PUBLIC        P2M1
  D:0090H         PUBLIC        P1
  D:00B4H         PUBLIC        P4M0
  D:00A0H         PUBLIC        P2
  D:00B3H         PUBLIC        P4M1
  D:00B0H         PUBLIC        P3
  D:00C0H         PUBLIC        P4
  D:00C8H         PUBLIC        P5
  D:00E8H         PUBLIC        P6
  B:00A8H.7       PUBLIC        EA
  D:00F8H         PUBLIC        P7
  X:0000H         PUBLIC        Tx_Buffer
  D:00A8H         PUBLIC        IE
  B:00A8H.4       PUBLIC        ES
  D:00B8H         PUBLIC        IP
  X:0020H         PUBLIC        array
  D:00D8H         PUBLIC        CCON
  C:002EH         PUBLIC        main
  X:0028H         PUBLIC        mode
  D:0098H         PUBLIC        SCON
  B:00C0H.1       PUBLIC        P41
  D:0089H         PUBLIC        TMOD
  D:0088H         PUBLIC        TCON
  C:000EH         PUBLIC        Delay20ms
  B:00C0H.2       PUBLIC        P42
BL51 BANKED LINKER/LOCATER V6.22                                                      05/15/2025  10:18:48  PAGE 3


  B:00C0H.3       PUBLIC        P43
  B:00C0H.4       PUBLIC        P44
  X:002AH         PUBLIC        Tx_Tail
  D:008EH         PUBLIC        AUXR
  X:002BH         PUBLIC        nums
  X:0035H         PUBLIC        idx
  B:00A8H.3       PUBLIC        ET1
  D:008DH         PUBLIC        TH1
  D:008BH         PUBLIC        TL1
  C:030CH         PUBLIC        uart_init
  X:0037H         PUBLIC        now
  X:0039H         PUBLIC        ptr
  B:0088H.6       PUBLIC        TR1
  X:003CH         PUBLIC        Rx_Ptr
  X:003DH         PUBLIC        Tx_Ptr
  D:00D0H         PUBLIC        PSW
  D:0094H         PUBLIC        P0M0
  -------         PROC          DELAY20MS
  -------         DO            
  D:0008H         SYMBOL        i
  D:0009H         SYMBOL        j
  -------         ENDDO         
  C:000EH         LINE#         38
  C:000EH         LINE#         39
  C:000EH         LINE#         42
  C:0011H         LINE#         43
  C:0014H         LINE#         45
  C:0014H         LINE#         46
  C:0017H         LINE#         47
  C:001AH         LINE#         48
  -------         ENDPROC       DELAY20MS
  -------         PROC          UART_INIT
  C:030CH         LINE#         53
  C:030CH         LINE#         54
  C:030CH         LINE#         55
  C:0311H         LINE#         57
  C:0314H         LINE#         58
  C:0317H         LINE#         59
  C:031AH         LINE#         60
  C:031DH         LINE#         61
  C:0320H         LINE#         62
  C:0323H         LINE#         63
  C:0325H         LINE#         64
  C:0327H         LINE#         65
  C:0329H         LINE#         66
  -------         ENDPROC       UART_INIT
  -------         PROC          MAIN
  C:002EH         LINE#         69
  C:002EH         LINE#         70
  C:002EH         LINE#         72
  C:0031H         LINE#         73
  C:0034H         LINE#         75
  C:0037H         LINE#         76
  C:0039H         LINE#         78
  C:003CH         LINE#         79
  C:003EH         LINE#         81
  C:0041H         LINE#         82
BL51 BANKED LINKER/LOCATER V6.22                                                      05/15/2025  10:18:48  PAGE 4


  C:0043H         LINE#         84
  C:0046H         LINE#         85
  C:0049H         LINE#         86
  C:004CH         LINE#         88
  C:004EH         LINE#         89
  C:0050H         LINE#         90
  C:0052H         LINE#         91
  C:0054H         LINE#         92
  C:0056H         LINE#         94
  C:0056H         LINE#         95
  C:0056H         LINE#         97
  C:0065H         LINE#         98
  C:0065H         LINE#         99
  C:0068H         LINE#         100
  C:006DH         LINE#         101
  C:006DH         LINE#         102
  C:0076H         LINE#         103
  C:007FH         LINE#         104
  C:007FH         LINE#         105
  C:007FH         LINE#         107
  C:008EH         LINE#         108
  C:008EH         LINE#         109
  C:0091H         LINE#         110
  C:0096H         LINE#         111
  C:0096H         LINE#         112
  C:009FH         LINE#         113
  C:00A8H         LINE#         114
  C:00A8H         LINE#         115
  C:00A8H         LINE#         116
  C:00B7H         LINE#         117
  C:00B7H         LINE#         118
  C:00BAH         LINE#         119
  C:00BFH         LINE#         120
  C:00BFH         LINE#         121
  C:00C8H         LINE#         122
  C:00D1H         LINE#         123
  C:00D1H         LINE#         124
  C:00D1H         LINE#         125
  C:00E0H         LINE#         126
  C:00E0H         LINE#         127
  C:00E3H         LINE#         128
  C:00E8H         LINE#         129
  C:00E8H         LINE#         130
  C:00F0H         LINE#         131
  C:00F8H         LINE#         132
  C:00F8H         LINE#         133
  C:00F8H         LINE#         134
  C:0107H         LINE#         135
  C:0107H         LINE#         136
  C:010AH         LINE#         137
  C:010FH         LINE#         138
  C:010FH         LINE#         139
  C:0116H         LINE#         140
  C:0116H         LINE#         141
  C:0116H         LINE#         144
  C:011FH         LINE#         145
  C:011FH         LINE#         146
BL51 BANKED LINKER/LOCATER V6.22                                                      05/15/2025  10:18:48  PAGE 5


  C:0121H         LINE#         147
  C:0134H         LINE#         148
  C:0134H         LINE#         149
  -------         ENDPROC       MAIN
  -------         ENDMOD        MAIN

  -------         MODULE        TIMER
  C:0000H         SYMBOL        _ICE_DUMMY_
  D:0080H         PUBLIC        P0
  D:0090H         PUBLIC        P1
  D:00A0H         PUBLIC        P2
  D:00B0H         PUBLIC        P3
  D:00C0H         PUBLIC        P4
  D:00C8H         PUBLIC        P5
  D:00E8H         PUBLIC        P6
  D:00F8H         PUBLIC        P7
  X:0043H         PUBLIC        task_500ms
  D:00A8H         PUBLIC        IE
  D:00B8H         PUBLIC        IP
  C:02B1H         PUBLIC        timer0_inter_handler
  D:00D8H         PUBLIC        CCON
  D:0098H         PUBLIC        SCON
  D:0089H         PUBLIC        TMOD
  D:0088H         PUBLIC        TCON
  D:008EH         PUBLIC        AUXR
  B:00A8H.1       PUBLIC        ET0
  B:0088H.5       PUBLIC        TF0
  D:008CH         PUBLIC        TH0
  X:0044H         PUBLIC        count_20ms
  D:008AH         PUBLIC        TL0
  B:0088H.4       PUBLIC        TR0
  X:0045H         PUBLIC        task_20ms
  C:0347H         PUBLIC        timer0_init
  X:0046H         PUBLIC        count20ms
  D:00D0H         PUBLIC        PSW
  -------         PROC          TIMER0_INIT
  C:0347H         LINE#         6
  C:0347H         LINE#         7
  C:0347H         LINE#         8
  C:034CH         LINE#         9
  C:034EH         LINE#         11
  C:0351H         LINE#         12
  C:0354H         LINE#         13
  C:0356H         LINE#         14
  C:0359H         LINE#         15
  C:035BH         LINE#         16
  C:035DH         LINE#         18
  C:035FH         LINE#         19
  -------         ENDPROC       TIMER0_INIT
  -------         PROC          TIMER0_INTER_HANDLER
  C:02B1H         LINE#         21
  C:02B9H         LINE#         23
  C:02BFH         LINE#         24
  C:02C5H         LINE#         25
  C:02CEH         LINE#         26
  C:02D0H         LINE#         27
  C:02D5H         LINE#         28
BL51 BANKED LINKER/LOCATER V6.22                                                      05/15/2025  10:18:48  PAGE 6


  C:02D5H         LINE#         29
  C:02DBH         LINE#         31
  -------         ENDPROC       TIMER0_INTER_HANDLER
  -------         ENDMOD        TIMER

  -------         MODULE        UART
  C:0000H         SYMBOL        _ICE_DUMMY_
  D:0080H         PUBLIC        P0
  D:0090H         PUBLIC        P1
  C:0264H         PUBLIC        uart_handler
  D:00A0H         PUBLIC        P2
  D:00B0H         PUBLIC        P3
  D:00C0H         PUBLIC        P4
  D:00C8H         PUBLIC        P5
  D:00E8H         PUBLIC        P6
  D:00F8H         PUBLIC        P7
  D:00A8H         PUBLIC        IE
  D:00B8H         PUBLIC        IP
  B:0098H.0       PUBLIC        RI
  B:0098H.1       PUBLIC        TI
  D:00D8H         PUBLIC        CCON
  D:0099H         PUBLIC        SBUF
  D:0098H         PUBLIC        SCON
  D:0088H         PUBLIC        TCON
  D:00D0H         PUBLIC        PSW
  -------         PROC          UART_HANDLER
  -------         DO            
  X:0047H         SYMBOL        rx_data
  -------         ENDDO         
  C:0264H         LINE#         7
  C:0273H         LINE#         11
  C:0276H         LINE#         12
  C:0278H         LINE#         13
  C:027EH         LINE#         14
  C:027EH         LINE#         16
  C:0281H         LINE#         17
  C:0283H         LINE#         18
  C:0289H         LINE#         19
  C:0297H         LINE#         20
  C:02A4H         LINE#         21
  C:02A4H         LINE#         22
  C:02A4H         LINE#         23
  -------         ENDPROC       UART_HANDLER
  -------         ENDMOD        UART

  -------         MODULE        ADC
  C:0000H         SYMBOL        _ICE_DUMMY_
  D:0080H         PUBLIC        P0
  D:0090H         PUBLIC        P1
  D:00A0H         PUBLIC        P2
  D:00B0H         PUBLIC        P3
  D:00C0H         PUBLIC        P4
  D:00C8H         PUBLIC        P5
  D:00E8H         PUBLIC        P6
  D:00F8H         PUBLIC        P7
  B:00A8H.5       PUBLIC        EADC
  D:00A8H         PUBLIC        IE
BL51 BANKED LINKER/LOCATER V6.22                                                      05/15/2025  10:18:48  PAGE 7


  D:00BDH         PUBLIC        ADC_RES
  D:00B8H         PUBLIC        IP
  D:00D8H         PUBLIC        CCON
  D:00BCH         PUBLIC        ADC_CONTR
  D:0098H         PUBLIC        SCON
  D:0088H         PUBLIC        TCON
  C:032AH         PUBLIC        adc_init
  X:003EH         PUBLIC        adcRes
  X:0042H         PUBLIC        adc_ch
  D:009DH         PUBLIC        P1ASF
  D:00BEH         PUBLIC        ADC_RESL
  C:0137H         PUBLIC        adc_handle
  D:00D0H         PUBLIC        PSW
  -------         PROC          ADC_INIT
  C:032AH         LINE#         14
  C:032AH         LINE#         15
  C:032AH         LINE#         16
  C:032FH         LINE#         17
  C:0335H         LINE#         18
  C:0339H         LINE#         20
  C:033CH         LINE#         21
  C:033EH         LINE#         22
  C:0340H         LINE#         23
  C:0344H         LINE#         24
  C:0346H         LINE#         25
  -------         ENDPROC       ADC_INIT
  -------         PROC          ADC_HANDLE
  C:0137H         LINE#         27
  C:014AH         LINE#         29
  C:014DH         LINE#         30
  C:0164H         LINE#         31
  C:018BH         LINE#         32
  C:01B1H         LINE#         33
  C:01B7H         LINE#         34
  C:01BDH         LINE#         35
  C:01BFH         LINE#         36
  C:01BFH         LINE#         37
  C:01C7H         LINE#         38
  -------         ENDPROC       ADC_HANDLE
  -------         ENDMOD        ADC

Program Size: data=11.0 xdata=72 code=843
LINK/LOCATE RUN COMPLETE.  0 WARNING(S),  0 ERROR(S)
